// Jest Snapshot v1, https://goo.gl/fbAQLP

exports[`KonnectorCollection with io.cozy.konnectors all should call the right route 1`] = `
Array [
  "GET",
  "/konnectors/",
]
`;
